/var/spool/slurmd/job37781/slurm_script: line 52: 
set -e
export LD_LIBRARY_PATH=/opt/ohpc/apps/python/3.10.pytorch/lib:$LD_LIBRARY_PATH
source /scratch/m25cse012/myenv/bin/activate
cd /scratch/m25cse012/sms_spam_detector_v2/

export HF_HOME=/scratch/m25cse012/hf_cache
export HF_DATASETS_OFFLINE=1
export HF_HUB_OFFLINE=1

echo "========================================================"
echo "Phase 1: Train (versioned output dir, optimal threshold)"
echo "========================================================"
python -u src/train.py --config configs/config.yaml

# Find newest versioned model dir
LATEST=$(ls -dt final_model_*/ 2>/dev/null | head -1)
[ -z "$LATEST" ] && echo "ERROR: no versioned model dir found" && exit 1
echo "Latest model: $LATEST"

echo "========================================================"
echo "Phase 2: Evaluate on internal test set"
echo "========================================================"
#python -u src/evaluate.py --config configs/config.yaml --model_path "$LATEST"

echo "========================================================"
echo "Phase 3: Evaluate on external datasets"
echo "========================================================"
#for csv in data/raw/*.csv; do
 # echo "  Evaluating on $csv"
  #python -u src/evaluate.py --config configs/config.yaml \
   # --model_path "$LATEST" --custom_test "$csv"
#done

echo "========================================================"
echo "Phase 4: Quantize for mobile deployment"
echo "========================================================"
#python -u src/quantize.py --config configs/config.yaml \
#  --model_path "$LATEST" --output_dir "${LATEST}_quantized"
: No such file or directory
/var/spool/slurmd/job37781/slurm_script: line 62: echo "========================================================"
echo "Phase 5: Cluster spam messages by fraud type"
echo "========================================================"
for csv in data/raw/*.csv; do
  python -u src/cluster_spam.py \
    --input "$csv" --output data/clusters/ \
    --label_col true_label --n_clusters 12
  break  # cluster on first CSV found
done
: No such file or directory
========================================================
Phase 6: Start web UI for Android testing
========================================================
Web UI started. Open http://192.168.11.13:8000 on Android.

Pipeline complete.
  Model    : 
  Clusters : data/clusters/
